[2026-05-12 08:36:17] error: MongoDB connection attempt 1/5 failed: connect ECONNREFUSED 127.0.0.1:27017
[2026-05-12 08:36:17] error: MongoDB connection error: connect ECONNREFUSED 127.0.0.1:27017
[2026-05-12 08:36:27] error: MongoDB connection attempt 2/5 failed: connect ECONNREFUSED 127.0.0.1:27017
[2026-05-12 08:36:27] error: MongoDB connection error: connect ECONNREFUSED 127.0.0.1:27017
[2026-05-12 08:36:39] error: MongoDB connection attempt 3/5 failed: connect ECONNREFUSED 127.0.0.1:27017
[2026-05-12 08:36:39] error: MongoDB connection error: connect ECONNREFUSED 127.0.0.1:27017
[2026-05-12 08:36:55] error: MongoDB connection attempt 4/5 failed: connect ECONNREFUSED 127.0.0.1:27017
[2026-05-12 08:36:55] error: MongoDB connection error: connect ECONNREFUSED 127.0.0.1:27017
[2026-05-12 08:37:19] error: MongoDB connection attempt 5/5 failed: connect ECONNREFUSED 127.0.0.1:27017
[2026-05-12 08:44:12] error: MongoDB connection attempt 1/5 failed: connect ECONNREFUSED 127.0.0.1:27017
[2026-05-12 08:44:12] error: MongoDB connection error: connect ECONNREFUSED 127.0.0.1:27017
[2026-05-12 08:44:22] error: MongoDB connection attempt 2/5 failed: connect ECONNREFUSED 127.0.0.1:27017
[2026-05-12 08:44:22] error: MongoDB connection error: connect ECONNREFUSED 127.0.0.1:27017
[2026-05-12 08:44:34] error: MongoDB connection attempt 3/5 failed: connect ECONNREFUSED 127.0.0.1:27017
[2026-05-12 08:44:34] error: MongoDB connection error: connect ECONNREFUSED 127.0.0.1:27017
[2026-05-12 08:44:50] error: MongoDB connection attempt 4/5 failed: connect ECONNREFUSED 127.0.0.1:27017
[2026-05-12 08:44:50] error: MongoDB connection error: connect ECONNREFUSED 127.0.0.1:27017
[2026-05-12 08:45:14] error: MongoDB connection attempt 5/5 failed: connect ECONNREFUSED 127.0.0.1:27017
[2026-05-12 09:28:50] error: MongoDB connection attempt 1/5 failed: connect ECONNREFUSED 127.0.0.1:27017
[2026-05-12 09:28:50] error: MongoDB connection error: connect ECONNREFUSED 127.0.0.1:27017
[2026-05-12 09:29:00] error: MongoDB connection attempt 2/5 failed: connect ECONNREFUSED 127.0.0.1:27017
[2026-05-12 09:29:00] error: MongoDB connection error: connect ECONNREFUSED 127.0.0.1:27017
[2026-05-12 09:29:12] error: MongoDB connection attempt 3/5 failed: connect ECONNREFUSED 127.0.0.1:27017
[2026-05-12 09:29:12] error: MongoDB connection error: connect ECONNREFUSED 127.0.0.1:27017
[2026-05-12 09:29:28] error: MongoDB connection attempt 4/5 failed: connect ECONNREFUSED 127.0.0.1:27017
[2026-05-12 09:29:28] error: MongoDB connection error: connect ECONNREFUSED 127.0.0.1:27017
[2026-05-12 09:29:52] error: MongoDB connection attempt 5/5 failed: connect ECONNREFUSED 127.0.0.1:27017
[2026-05-12 11:19:45] error: MongoDB connection attempt 1/5 failed: connect ECONNREFUSED 127.0.0.1:27017
[2026-05-12 11:19:45] error: MongoDB connection error: connect ECONNREFUSED 127.0.0.1:27017
[2026-05-12 11:19:55] error: MongoDB connection attempt 2/5 failed: connect ECONNREFUSED 127.0.0.1:27017
[2026-05-12 11:19:55] error: MongoDB connection error: connect ECONNREFUSED 127.0.0.1:27017
[2026-05-12 11:20:07] error: MongoDB connection attempt 3/5 failed: connect ECONNREFUSED 127.0.0.1:27017
[2026-05-12 11:20:07] error: MongoDB connection error: connect ECONNREFUSED 127.0.0.1:27017
[2026-05-12 11:20:23] error: MongoDB connection attempt 4/5 failed: connect ECONNREFUSED 127.0.0.1:27017
[2026-05-12 11:20:23] error: MongoDB connection error: connect ECONNREFUSED 127.0.0.1:27017
[2026-05-12 11:20:47] error: MongoDB connection attempt 5/5 failed: connect ECONNREFUSED 127.0.0.1:27017
[2026-05-12 11:21:43] error: MongoDB connection attempt 1/5 failed: connect ECONNREFUSED 127.0.0.1:27017
[2026-05-12 11:21:43] error: MongoDB connection error: connect ECONNREFUSED 127.0.0.1:27017
[2026-05-12 11:21:53] error: MongoDB connection attempt 2/5 failed: connect ECONNREFUSED 127.0.0.1:27017
[2026-05-12 11:21:53] error: MongoDB connection error: connect ECONNREFUSED 127.0.0.1:27017
[2026-05-12 11:22:05] error: MongoDB connection attempt 3/5 failed: connect ECONNREFUSED 127.0.0.1:27017
[2026-05-12 11:22:05] error: MongoDB connection error: connect ECONNREFUSED 127.0.0.1:27017
[2026-05-12 11:22:21] error: MongoDB connection attempt 4/5 failed: connect ECONNREFUSED 127.0.0.1:27017
[2026-05-12 11:22:21] error: MongoDB connection error: connect ECONNREFUSED 127.0.0.1:27017
[2026-05-12 11:22:45] error: MongoDB connection attempt 5/5 failed: connect ECONNREFUSED 127.0.0.1:27017
[2026-05-12 11:51:34] error: MongoDB connection attempt 1/5 failed: bad auth : authentication failed
[2026-05-12 11:51:34] error: MongoDB connection error: bad auth : authentication failed
[2026-05-12 11:51:36] error: MongoDB connection attempt 2/5 failed: bad auth : authentication failed
[2026-05-12 11:51:36] error: MongoDB connection error: bad auth : authentication failed
[2026-05-12 11:51:41] error: MongoDB connection attempt 3/5 failed: bad auth : authentication failed
[2026-05-12 11:51:41] error: MongoDB connection error: bad auth : authentication failed
[2026-05-12 11:51:49] error: MongoDB connection attempt 4/5 failed: bad auth : authentication failed
[2026-05-12 11:51:49] error: MongoDB connection error: bad auth : authentication failed
[2026-05-12 11:52:06] error: MongoDB connection attempt 5/5 failed: bad auth : authentication failed
[2026-05-12 11:54:12] error: MongoDB connection attempt 1/5 failed: bad auth : authentication failed
[2026-05-12 11:54:12] error: MongoDB connection error: bad auth : authentication failed
[2026-05-12 11:54:15] error: MongoDB connection attempt 2/5 failed: bad auth : authentication failed
[2026-05-12 11:54:15] error: MongoDB connection error: bad auth : authentication failed
[2026-05-12 11:54:20] error: MongoDB connection attempt 3/5 failed: bad auth : authentication failed
[2026-05-12 11:54:20] error: MongoDB connection error: bad auth : authentication failed
[2026-05-12 11:54:28] error: MongoDB connection attempt 4/5 failed: bad auth : authentication failed
[2026-05-12 11:54:28] error: MongoDB connection error: bad auth : authentication failed
[2026-05-12 11:59:49] error: MongoDB connection attempt 1/5 failed: bad auth : authentication failed
[2026-05-12 11:59:49] error: MongoDB connection error: bad auth : authentication failed
[2026-05-12 11:59:52] error: MongoDB connection attempt 2/5 failed: bad auth : authentication failed
[2026-05-12 11:59:52] error: MongoDB connection error: bad auth : authentication failed
[2026-05-12 11:59:56] error: MongoDB connection attempt 3/5 failed: bad auth : authentication failed
[2026-05-12 11:59:56] error: MongoDB connection error: bad auth : authentication failed
[2026-05-12 12:00:05] error: MongoDB connection attempt 4/5 failed: bad auth : authentication failed
[2026-05-12 12:00:05] error: MongoDB connection error: bad auth : authentication failed
[2026-05-12 12:00:21] error: MongoDB connection attempt 5/5 failed: bad auth : authentication failed
[2026-05-12 12:15:40] error: MongoDB connection attempt 1/5 failed: Invalid scheme, expected connection string to start with "mongodb://" or "mongodb+srv://"
[2026-05-12 12:15:40] error: MongoDB connection error: Invalid scheme, expected connection string to start with "mongodb://" or "mongodb+srv://"
[2026-05-12 12:15:42] error: MongoDB connection attempt 2/5 failed: Invalid scheme, expected connection string to start with "mongodb://" or "mongodb+srv://"
[2026-05-12 12:15:42] error: MongoDB connection error: Invalid scheme, expected connection string to start with "mongodb://" or "mongodb+srv://"
[2026-05-12 12:15:46] error: MongoDB connection attempt 3/5 failed: Invalid scheme, expected connection string to start with "mongodb://" or "mongodb+srv://"
[2026-05-12 12:15:46] error: MongoDB connection error: Invalid scheme, expected connection string to start with "mongodb://" or "mongodb+srv://"
[2026-05-12 12:15:54] error: MongoDB connection attempt 4/5 failed: Invalid scheme, expected connection string to start with "mongodb://" or "mongodb+srv://"
[2026-05-12 12:15:54] error: MongoDB connection error: Invalid scheme, expected connection string to start with "mongodb://" or "mongodb+srv://"
[2026-05-12 12:16:44] error: Failed to send SMS to +918142422142: accountSid must start with AC
[2026-05-12 12:16:44] error: sendOTP error for +918142422142: SMS delivery failed: accountSid must start with AC
[2026-05-12 12:56:16] error: Failed to send SMS to +918142422142: 'To' and 'From' number cannot be the same: +91814242XXXX
[2026-05-12 12:56:16] error: sendOTP error for +918142422142: SMS delivery failed: 'To' and 'From' number cannot be the same: +91814242XXXX
[2026-05-12 12:59:50] error: Failed to send SMS to +918142422142: 'From' +1234567890 is not a Twilio phone number or Short Code country mismatch
[2026-05-12 12:59:50] error: sendOTP error for +918142422142: SMS delivery failed: 'From' +1234567890 is not a Twilio phone number or Short Code country mismatch
[2026-05-12 13:05:49] error: MongoDB connection attempt 1/5 failed: Socket 'secureConnect' timed out after 39978ms (connectTimeoutMS: 30000)
[2026-05-12 13:05:49] error: MongoDB connection error: Socket 'secureConnect' timed out after 39978ms (connectTimeoutMS: 30000)
[2026-05-12 13:05:57] error: Failed to send SMS to +918142422142: 'From' +918142429926 is not a Twilio phone number or Short Code country mismatch
[2026-05-12 13:05:57] error: sendOTP error for +918142422142: SMS delivery failed: 'From' +918142429926 is not a Twilio phone number or Short Code country mismatch
[2026-05-12 14:53:24] error: MongoDB connection attempt 1/5 failed: querySrv ECONNREFUSED _mongodb._tcp.otpverification.lfbzjzg.mongodb.net
[2026-05-12 14:53:24] error: MongoDB connection error: querySrv ECONNREFUSED _mongodb._tcp.otpverification.lfbzjzg.mongodb.net
[2026-05-12 14:53:26] error: MongoDB connection attempt 2/5 failed: querySrv ECONNREFUSED _mongodb._tcp.otpverification.lfbzjzg.mongodb.net
[2026-05-12 14:53:26] error: MongoDB connection error: querySrv ECONNREFUSED _mongodb._tcp.otpverification.lfbzjzg.mongodb.net
[2026-05-12 14:53:30] error: MongoDB connection attempt 3/5 failed: querySrv ECONNREFUSED _mongodb._tcp.otpverification.lfbzjzg.mongodb.net
[2026-05-12 14:53:30] error: MongoDB connection error: querySrv ECONNREFUSED _mongodb._tcp.otpverification.lfbzjzg.mongodb.net
[2026-05-12 14:53:38] error: MongoDB connection attempt 4/5 failed: querySrv ECONNREFUSED _mongodb._tcp.otpverification.lfbzjzg.mongodb.net
[2026-05-12 14:53:38] error: MongoDB connection error: querySrv ECONNREFUSED _mongodb._tcp.otpverification.lfbzjzg.mongodb.net
[2026-05-12 14:53:54] error: MongoDB connection attempt 5/5 failed: querySrv ECONNREFUSED _mongodb._tcp.otpverification.lfbzjzg.mongodb.net
[2026-05-12 14:54:35] error: MongoDB connection attempt 1/5 failed: querySrv ECONNREFUSED _mongodb._tcp.otpverification.lfbzjzg.mongodb.net
[2026-05-12 14:54:35] error: MongoDB connection error: querySrv ECONNREFUSED _mongodb._tcp.otpverification.lfbzjzg.mongodb.net
[2026-05-12 14:54:37] error: MongoDB connection attempt 2/5 failed: querySrv ECONNREFUSED _mongodb._tcp.otpverification.lfbzjzg.mongodb.net
[2026-05-12 14:54:37] error: MongoDB connection error: querySrv ECONNREFUSED _mongodb._tcp.otpverification.lfbzjzg.mongodb.net
[2026-05-12 14:54:41] error: MongoDB connection attempt 3/5 failed: querySrv ECONNREFUSED _mongodb._tcp.otpverification.lfbzjzg.mongodb.net
[2026-05-12 14:54:41] error: MongoDB connection error: querySrv ECONNREFUSED _mongodb._tcp.otpverification.lfbzjzg.mongodb.net
[2026-05-12 14:54:49] error: MongoDB connection attempt 4/5 failed: querySrv ECONNREFUSED _mongodb._tcp.otpverification.lfbzjzg.mongodb.net
[2026-05-12 14:54:49] error: MongoDB connection error: querySrv ECONNREFUSED _mongodb._tcp.otpverification.lfbzjzg.mongodb.net
[2026-05-12 14:55:05] error: MongoDB connection attempt 5/5 failed: querySrv ECONNREFUSED _mongodb._tcp.otpverification.lfbzjzg.mongodb.net
[2026-05-12 14:55:55] error: MongoDB connection attempt 1/5 failed: querySrv ECONNREFUSED _mongodb._tcp.otpverification.lfbzjzg.mongodb.net
[2026-05-12 14:55:55] error: MongoDB connection error: querySrv ECONNREFUSED _mongodb._tcp.otpverification.lfbzjzg.mongodb.net
[2026-05-12 14:55:57] error: MongoDB connection attempt 2/5 failed: querySrv ECONNREFUSED _mongodb._tcp.otpverification.lfbzjzg.mongodb.net
[2026-05-12 14:55:57] error: MongoDB connection error: querySrv ECONNREFUSED _mongodb._tcp.otpverification.lfbzjzg.mongodb.net
[2026-05-12 14:56:08] error: MongoDB connection attempt 1/5 failed: querySrv ECONNREFUSED _mongodb._tcp.otpverification.lfbzjzg.mongodb.net
[2026-05-12 14:56:08] error: MongoDB connection error: querySrv ECONNREFUSED _mongodb._tcp.otpverification.lfbzjzg.mongodb.net
[2026-05-12 14:56:10] error: MongoDB connection attempt 2/5 failed: querySrv ECONNREFUSED _mongodb._tcp.otpverification.lfbzjzg.mongodb.net
[2026-05-12 14:56:10] error: MongoDB connection error: querySrv ECONNREFUSED _mongodb._tcp.otpverification.lfbzjzg.mongodb.net
[2026-05-12 14:56:14] error: MongoDB connection attempt 3/5 failed: querySrv ECONNREFUSED _mongodb._tcp.otpverification.lfbzjzg.mongodb.net
[2026-05-12 14:56:14] error: MongoDB connection error: querySrv ECONNREFUSED _mongodb._tcp.otpverification.lfbzjzg.mongodb.net
[2026-05-12 14:56:22] error: MongoDB connection attempt 4/5 failed: querySrv ECONNREFUSED _mongodb._tcp.otpverification.lfbzjzg.mongodb.net
[2026-05-12 14:56:22] error: MongoDB connection error: querySrv ECONNREFUSED _mongodb._tcp.otpverification.lfbzjzg.mongodb.net
[2026-05-12 14:57:20] error: MongoDB connection attempt 1/5 failed: querySrv ECONNREFUSED _mongodb._tcp.otpverification.lfbzjzg.mongodb.net
[2026-05-12 14:57:20] error: MongoDB connection error: querySrv ECONNREFUSED _mongodb._tcp.otpverification.lfbzjzg.mongodb.net
[2026-05-12 14:57:22] error: MongoDB connection attempt 2/5 failed: querySrv ECONNREFUSED _mongodb._tcp.otpverification.lfbzjzg.mongodb.net
[2026-05-12 14:57:22] error: MongoDB connection error: querySrv ECONNREFUSED _mongodb._tcp.otpverification.lfbzjzg.mongodb.net
[2026-05-12 14:57:26] error: MongoDB connection attempt 3/5 failed: querySrv ECONNREFUSED _mongodb._tcp.otpverification.lfbzjzg.mongodb.net
[2026-05-12 14:57:26] error: MongoDB connection error: querySrv ECONNREFUSED _mongodb._tcp.otpverification.lfbzjzg.mongodb.net
[2026-05-12 14:57:34] error: MongoDB connection attempt 4/5 failed: querySrv ECONNREFUSED _mongodb._tcp.otpverification.lfbzjzg.mongodb.net
[2026-05-12 14:57:34] error: MongoDB connection error: querySrv ECONNREFUSED _mongodb._tcp.otpverification.lfbzjzg.mongodb.net
[2026-05-12 14:57:50] error: MongoDB connection attempt 5/5 failed: querySrv ECONNREFUSED _mongodb._tcp.otpverification.lfbzjzg.mongodb.net
[2026-05-12 14:58:55] error: MongoDB connection attempt 1/5 failed: querySrv ECONNREFUSED _mongodb._tcp.otpverification.lfbzjzg.mongodb.net
[2026-05-12 14:58:55] error: MongoDB connection error: querySrv ECONNREFUSED _mongodb._tcp.otpverification.lfbzjzg.mongodb.net
[2026-05-12 14:58:57] error: MongoDB connection attempt 2/5 failed: querySrv ECONNREFUSED _mongodb._tcp.otpverification.lfbzjzg.mongodb.net
[2026-05-12 14:58:57] error: MongoDB connection error: querySrv ECONNREFUSED _mongodb._tcp.otpverification.lfbzjzg.mongodb.net
[2026-05-12 14:59:01] error: MongoDB connection attempt 3/5 failed: querySrv ECONNREFUSED _mongodb._tcp.otpverification.lfbzjzg.mongodb.net
[2026-05-12 14:59:01] error: MongoDB connection error: querySrv ECONNREFUSED _mongodb._tcp.otpverification.lfbzjzg.mongodb.net
[2026-05-12 14:59:09] error: MongoDB connection attempt 4/5 failed: querySrv ECONNREFUSED _mongodb._tcp.otpverification.lfbzjzg.mongodb.net
[2026-05-12 14:59:09] error: MongoDB connection error: querySrv ECONNREFUSED _mongodb._tcp.otpverification.lfbzjzg.mongodb.net
[2026-05-12 14:59:25] error: MongoDB connection attempt 5/5 failed: querySrv ECONNREFUSED _mongodb._tcp.otpverification.lfbzjzg.mongodb.net
[2026-05-12 15:01:31] error: MongoDB connection attempt 1/5 failed: querySrv ECONNREFUSED _mongodb._tcp.otpverification.lfbzjzg.mongodb.net
[2026-05-12 15:01:31] error: MongoDB connection error: querySrv ECONNREFUSED _mongodb._tcp.otpverification.lfbzjzg.mongodb.net
[2026-05-12 15:01:33] error: MongoDB connection attempt 2/5 failed: querySrv ECONNREFUSED _mongodb._tcp.otpverification.lfbzjzg.mongodb.net
[2026-05-12 15:01:33] error: MongoDB connection error: querySrv ECONNREFUSED _mongodb._tcp.otpverification.lfbzjzg.mongodb.net
[2026-05-12 15:01:37] error: MongoDB connection attempt 3/5 failed: querySrv ECONNREFUSED _mongodb._tcp.otpverification.lfbzjzg.mongodb.net
[2026-05-12 15:01:37] error: MongoDB connection error: querySrv ECONNREFUSED _mongodb._tcp.otpverification.lfbzjzg.mongodb.net
[2026-05-12 15:01:45] error: MongoDB connection attempt 4/5 failed: querySrv ECONNREFUSED _mongodb._tcp.otpverification.lfbzjzg.mongodb.net
[2026-05-12 15:01:45] error: MongoDB connection error: querySrv ECONNREFUSED _mongodb._tcp.otpverification.lfbzjzg.mongodb.net
[2026-05-12 15:02:01] error: MongoDB connection attempt 5/5 failed: querySrv ECONNREFUSED _mongodb._tcp.otpverification.lfbzjzg.mongodb.net
[2026-05-12 15:08:25] error: MongoDB connection attempt 1/5 failed: querySrv ECONNREFUSED _mongodb._tcp.otpverification.lfbzjzg.mongodb.net
[2026-05-12 15:08:25] error: MongoDB connection error: querySrv ECONNREFUSED _mongodb._tcp.otpverification.lfbzjzg.mongodb.net
[2026-05-12 15:08:27] error: MongoDB connection attempt 2/5 failed: querySrv ECONNREFUSED _mongodb._tcp.otpverification.lfbzjzg.mongodb.net
[2026-05-12 15:08:27] error: MongoDB connection error: querySrv ECONNREFUSED _mongodb._tcp.otpverification.lfbzjzg.mongodb.net
[2026-05-12 15:08:31] error: MongoDB connection attempt 3/5 failed: querySrv ECONNREFUSED _mongodb._tcp.otpverification.lfbzjzg.mongodb.net
[2026-05-12 15:08:31] error: MongoDB connection error: querySrv ECONNREFUSED _mongodb._tcp.otpverification.lfbzjzg.mongodb.net
[2026-05-12 15:08:39] error: MongoDB connection attempt 4/5 failed: querySrv ECONNREFUSED _mongodb._tcp.otpverification.lfbzjzg.mongodb.net
[2026-05-12 15:08:39] error: MongoDB connection error: querySrv ECONNREFUSED _mongodb._tcp.otpverification.lfbzjzg.mongodb.net
[2026-05-12 15:08:55] error: MongoDB connection attempt 5/5 failed: querySrv ECONNREFUSED _mongodb._tcp.otpverification.lfbzjzg.mongodb.net
[2026-05-12 15:16:14] error: MongoDB connection attempt 1/5 failed: querySrv ECONNREFUSED _mongodb._tcp.otpverification.lfbzjzg.mongodb.net
[2026-05-12 15:16:14] error: MongoDB connection error: querySrv ECONNREFUSED _mongodb._tcp.otpverification.lfbzjzg.mongodb.net
[2026-05-12 15:16:16] error: MongoDB connection attempt 2/5 failed: querySrv ECONNREFUSED _mongodb._tcp.otpverification.lfbzjzg.mongodb.net
[2026-05-12 15:16:16] error: MongoDB connection error: querySrv ECONNREFUSED _mongodb._tcp.otpverification.lfbzjzg.mongodb.net
[2026-05-12 15:16:20] error: MongoDB connection attempt 3/5 failed: querySrv ECONNREFUSED _mongodb._tcp.otpverification.lfbzjzg.mongodb.net
[2026-05-12 15:16:20] error: MongoDB connection error: querySrv ECONNREFUSED _mongodb._tcp.otpverification.lfbzjzg.mongodb.net
[2026-05-12 15:16:28] error: MongoDB connection attempt 4/5 failed: querySrv ECONNREFUSED _mongodb._tcp.otpverification.lfbzjzg.mongodb.net
[2026-05-12 15:16:28] error: MongoDB connection error: querySrv ECONNREFUSED _mongodb._tcp.otpverification.lfbzjzg.mongodb.net
[2026-05-12 15:16:37] error: MongoDB connection attempt 1/5 failed: querySrv ECONNREFUSED _mongodb._tcp.otpverification.lfbzjzg.mongodb.net
[2026-05-12 15:16:37] error: MongoDB connection error: querySrv ECONNREFUSED _mongodb._tcp.otpverification.lfbzjzg.mongodb.net
[2026-05-12 15:16:39] error: MongoDB connection attempt 2/5 failed: querySrv ECONNREFUSED _mongodb._tcp.otpverification.lfbzjzg.mongodb.net
[2026-05-12 15:16:39] error: MongoDB connection error: querySrv ECONNREFUSED _mongodb._tcp.otpverification.lfbzjzg.mongodb.net
[2026-05-12 15:16:43] error: MongoDB connection attempt 3/5 failed: querySrv ECONNREFUSED _mongodb._tcp.otpverification.lfbzjzg.mongodb.net
[2026-05-12 15:16:43] error: MongoDB connection error: querySrv ECONNREFUSED _mongodb._tcp.otpverification.lfbzjzg.mongodb.net
[2026-05-12 15:16:51] error: MongoDB connection attempt 4/5 failed: querySrv ECONNREFUSED _mongodb._tcp.otpverification.lfbzjzg.mongodb.net
[2026-05-12 15:16:51] error: MongoDB connection error: querySrv ECONNREFUSED _mongodb._tcp.otpverification.lfbzjzg.mongodb.net
[2026-05-12 15:17:07] error: MongoDB connection attempt 5/5 failed: querySrv ECONNREFUSED _mongodb._tcp.otpverification.lfbzjzg.mongodb.net
[2026-05-12 15:19:19] error: MongoDB connection attempt 1/5 failed: querySrv ECONNREFUSED _mongodb._tcp.otpverification.lfbzjzg.mongodb.net
[2026-05-12 15:19:19] error: MongoDB connection error: querySrv ECONNREFUSED _mongodb._tcp.otpverification.lfbzjzg.mongodb.net
[2026-05-12 15:19:21] error: MongoDB connection attempt 2/5 failed: querySrv ECONNREFUSED _mongodb._tcp.otpverification.lfbzjzg.mongodb.net
[2026-05-12 15:19:21] error: MongoDB connection error: querySrv ECONNREFUSED _mongodb._tcp.otpverification.lfbzjzg.mongodb.net
[2026-05-12 15:19:25] error: MongoDB connection attempt 3/5 failed: querySrv ECONNREFUSED _mongodb._tcp.otpverification.lfbzjzg.mongodb.net
[2026-05-12 15:19:25] error: MongoDB connection error: querySrv ECONNREFUSED _mongodb._tcp.otpverification.lfbzjzg.mongodb.net
[2026-05-12 15:19:33] error: MongoDB connection attempt 4/5 failed: querySrv ECONNREFUSED _mongodb._tcp.otpverification.lfbzjzg.mongodb.net
[2026-05-12 15:19:33] error: MongoDB connection error: querySrv ECONNREFUSED _mongodb._tcp.otpverification.lfbzjzg.mongodb.net
[2026-05-12 15:19:49] error: MongoDB connection attempt 5/5 failed: querySrv ECONNREFUSED _mongodb._tcp.otpverification.lfbzjzg.mongodb.net
[2026-05-12 15:25:07] error: MongoDB connection attempt 1/5 failed: querySrv ECONNREFUSED _mongodb._tcp.otpverification.lfbzjzg.mongodb.net
[2026-05-12 15:25:07] error: MongoDB connection error: querySrv ECONNREFUSED _mongodb._tcp.otpverification.lfbzjzg.mongodb.net
[2026-05-12 15:25:09] error: MongoDB connection attempt 2/5 failed: querySrv ECONNREFUSED _mongodb._tcp.otpverification.lfbzjzg.mongodb.net
[2026-05-12 15:25:09] error: MongoDB connection error: querySrv ECONNREFUSED _mongodb._tcp.otpverification.lfbzjzg.mongodb.net
[2026-05-12 15:25:13] error: MongoDB connection attempt 3/5 failed: querySrv ECONNREFUSED _mongodb._tcp.otpverification.lfbzjzg.mongodb.net
[2026-05-12 15:25:13] error: MongoDB connection error: querySrv ECONNREFUSED _mongodb._tcp.otpverification.lfbzjzg.mongodb.net
[2026-05-12 15:25:21] error: MongoDB connection attempt 4/5 failed: querySrv ECONNREFUSED _mongodb._tcp.otpverification.lfbzjzg.mongodb.net
[2026-05-12 15:25:21] error: MongoDB connection error: querySrv ECONNREFUSED _mongodb._tcp.otpverification.lfbzjzg.mongodb.net
[2026-05-12 15:25:37] error: MongoDB connection attempt 5/5 failed: querySrv ECONNREFUSED _mongodb._tcp.otpverification.lfbzjzg.mongodb.net
[2026-05-12 15:26:34] error: MongoDB connection attempt 1/5 failed: querySrv ECONNREFUSED _mongodb._tcp.otpverification.lfbzjzg.mongodb.net
[2026-05-12 15:26:34] error: MongoDB connection error: querySrv ECONNREFUSED _mongodb._tcp.otpverification.lfbzjzg.mongodb.net
[2026-05-12 15:26:36] error: MongoDB connection attempt 2/5 failed: querySrv ECONNREFUSED _mongodb._tcp.otpverification.lfbzjzg.mongodb.net
[2026-05-12 15:26:36] error: MongoDB connection error: querySrv ECONNREFUSED _mongodb._tcp.otpverification.lfbzjzg.mongodb.net
[2026-05-12 15:26:40] error: MongoDB connection attempt 3/5 failed: querySrv ECONNREFUSED _mongodb._tcp.otpverification.lfbzjzg.mongodb.net
[2026-05-12 15:26:40] error: MongoDB connection error: querySrv ECONNREFUSED _mongodb._tcp.otpverification.lfbzjzg.mongodb.net
[2026-05-12 15:26:48] error: MongoDB connection attempt 4/5 failed: querySrv ECONNREFUSED _mongodb._tcp.otpverification.lfbzjzg.mongodb.net
[2026-05-12 15:26:48] error: MongoDB connection error: querySrv ECONNREFUSED _mongodb._tcp.otpverification.lfbzjzg.mongodb.net
[2026-05-12 15:27:04] error: MongoDB connection attempt 5/5 failed: querySrv ECONNREFUSED _mongodb._tcp.otpverification.lfbzjzg.mongodb.net
[2026-05-12 15:35:28] error: MongoDB connection attempt 1/5 failed: querySrv ECONNREFUSED _mongodb._tcp.otpverification.lfbzjzg.mongodb.net
[2026-05-12 15:35:28] error: MongoDB connection error: querySrv ECONNREFUSED _mongodb._tcp.otpverification.lfbzjzg.mongodb.net
[2026-05-12 15:35:30] error: MongoDB connection attempt 2/5 failed: querySrv ECONNREFUSED _mongodb._tcp.otpverification.lfbzjzg.mongodb.net
[2026-05-12 15:35:30] error: MongoDB connection error: querySrv ECONNREFUSED _mongodb._tcp.otpverification.lfbzjzg.mongodb.net
[2026-05-12 15:35:34] error: MongoDB connection attempt 3/5 failed: querySrv ECONNREFUSED _mongodb._tcp.otpverification.lfbzjzg.mongodb.net
[2026-05-12 15:35:34] error: MongoDB connection error: querySrv ECONNREFUSED _mongodb._tcp.otpverification.lfbzjzg.mongodb.net
[2026-05-12 15:35:42] error: MongoDB connection attempt 4/5 failed: querySrv ECONNREFUSED _mongodb._tcp.otpverification.lfbzjzg.mongodb.net
[2026-05-12 15:35:42] error: MongoDB connection error: querySrv ECONNREFUSED _mongodb._tcp.otpverification.lfbzjzg.mongodb.net
[2026-05-12 15:35:58] error: MongoDB connection attempt 5/5 failed: querySrv ECONNREFUSED _mongodb._tcp.otpverification.lfbzjzg.mongodb.net
[2026-05-12 17:41:49] error: MongoDB connection attempt 1/5 failed: Could not connect to any servers in your MongoDB Atlas cluster. One common reason is that you're trying to access the database from an IP that isn't whitelisted. Make sure your current IP address is on your Atlas cluster's IP whitelist: https://www.mongodb.com/docs/atlas/security-whitelist/
[2026-05-12 17:41:49] error: MongoDB connection error: Server selection timed out after 8000 ms
[2026-05-12 17:55:06] error: MongoDB connection attempt 1/5 failed: Could not connect to any servers in your MongoDB Atlas cluster. One common reason is that you're trying to access the database from an IP that isn't whitelisted. Make sure your current IP address is on your Atlas cluster's IP whitelist: https://www.mongodb.com/docs/atlas/security-whitelist/
[2026-05-12 17:55:06] error: MongoDB connection error: Server selection timed out after 8000 ms
[2026-05-12 18:00:19] error: MongoDB connection attempt 1/5 failed: Could not connect to any servers in your MongoDB Atlas cluster. One common reason is that you're trying to access the database from an IP that isn't whitelisted. Make sure your current IP address is on your Atlas cluster's IP whitelist: https://www.mongodb.com/docs/atlas/security-whitelist/
[2026-05-12 18:00:19] error: MongoDB connection error: Server selection timed out after 8000 ms
[2026-05-12 18:00:29] error: MongoDB connection attempt 2/5 failed: Could not connect to any servers in your MongoDB Atlas cluster. One common reason is that you're trying to access the database from an IP that isn't whitelisted. Make sure your current IP address is on your Atlas cluster's IP whitelist: https://www.mongodb.com/docs/atlas/security-whitelist/
[2026-05-12 18:00:29] error: MongoDB connection error: Server selection timed out after 8000 ms
[2026-05-13 19:30:40] error: Failed to send SMS to +918142422142: Authenticate
[2026-05-13 19:30:40] error: sendOTP error for +918142422142: SMS delivery failed: Authenticate
[2026-05-13 19:36:47] error: Failed to send SMS to +918142422142: Authenticate
[2026-05-13 19:36:47] error: sendOTP error for +918142422142: SMS delivery failed: Authenticate
[2026-05-13 19:58:35] error: Failed to send SMS to +918142422142: Authenticate
[2026-05-13 19:58:35] error: sendOTP error for +918142422142: SMS delivery failed: Authenticate
[2026-05-13 21:22:47] error: Failed to send SMS to +918142422142: Authenticate
[2026-05-13 21:22:47] error: sendOTP error for +918142422142: SMS delivery failed: Authenticate
[2026-05-13 21:25:53] error: Failed to send SMS to +918142422142: Authenticate
[2026-05-13 21:25:53] error: sendOTP error for +918142422142: SMS delivery failed: Authenticate
[2026-05-13 21:30:03] error: Failed to send SMS to +918142422142: Authenticate
[2026-05-13 21:30:03] error: sendOTP error for +918142422142: SMS delivery failed: Authenticate
[2026-05-13 21:31:58] error: Failed to send SMS to +918142422142: Authenticate
[2026-05-13 21:31:58] error: sendOTP error for +918142422142: SMS delivery failed: Authenticate
[2026-05-13 21:33:35] error: Failed to send SMS to +918142422142: Authenticate
[2026-05-13 21:33:35] error: sendOTP error for +918142422142: SMS delivery failed: Authenticate
[2026-05-13 21:36:45] error: Failed to send SMS to +918142422142: Authenticate
[2026-05-13 21:36:45] error: sendOTP error for +918142422142: SMS delivery failed: Authenticate
[2026-05-13 21:50:31] error: Failed to send SMS to +918142422142: Authenticate
[2026-05-13 21:50:31] error: sendOTP error for +918142422142: SMS delivery failed: Authenticate
